2021/06/20 08:43:12 Info: 
2021/06/20 08:43:12 FatalErr: error loading the configuration file
